=== Task 29 ===
config = exps_410m/config/sweep_L1_unc.yaml
lr     = 3e-1
host   = mbz-titan-3
gpu    = 0
Creating experiment directory: ./exps_410m/experiments/L1_unc/lr_3e-1
Number of parameters: 411_304_960
Number of non-embedding parameters: 308_331_520
Compiling the model...
=== Start Training from step: 0/15690, micro_step: 0/502080 ===
micro_step: 1600 | step: 50 | tokens: 26214400 | lr: 3.000e-01 | train/loss: 1.074e+01 | train/loss_avg: 1.089e+01 | train/ppl: 4.617e+04 | train/ppl_avg: 5.370e+04 | optim/lr_eff: 1.337e-07 | optim/dual_norm_sq: 1.607e+08 | optim/grad_norm: 1.241e+01 | optim/dampening: 2.244e+06 | optim/dn_layer_std: 1.292e+02 | optim/dn_layer_max: 7.602e+02 | optim/update_norm: 6.022e-02
micro_step: 3200 | step: 100 | tokens: 52428800 | lr: 3.000e-01 | train/loss: 1.040e+01 | train/loss_avg: 1.057e+01 | train/ppl: 3.287e+04 | train/ppl_avg: 3.896e+04 | optim/lr_eff: 1.716e-07 | optim/dual_norm_sq: 1.213e+08 | optim/grad_norm: 1.284e+01 | optim/dampening: 1.748e+06 | optim/dn_layer_std: 1.069e+02 | optim/dn_layer_max: 6.337e+02 | optim/update_norm: 7.761e-02
micro_step: 4800 | step: 150 | tokens: 78643200 | lr: 3.000e-01 | train/loss: 9.972e+00 | train/loss_avg: 1.020e+01 | train/ppl: 2.141e+04 | train/ppl_avg: 2.699e+04 | optim/lr_eff: 2.996e-07 | optim/dual_norm_sq: 6.672e+07 | optim/grad_norm: 1.156e+01 | optim/dampening: 1.001e+06 | optim/dn_layer_std: 7.324e+01 | optim/dn_layer_max: 4.429e+02 | optim/update_norm: 1.357e-01
micro_step: 6400 | step: 200 | tokens: 104857600 | lr: 3.000e-01 | train/loss: 9.393e+00 | train/loss_avg: 9.724e+00 | train/ppl: 1.200e+04 | train/ppl_avg: 1.671e+04 | optim/lr_eff: 5.000e-07 | optim/dual_norm_sq: 3.771e+07 | optim/grad_norm: 7.773e+00 | optim/dampening: 6.000e+05 | optim/dn_layer_std: 5.347e+01 | optim/dn_layer_max: 3.353e+02 | optim/update_norm: 2.267e-01
micro_step: 8000 | step: 250 | tokens: 131072000 | lr: 3.000e-01 | train/loss: 8.764e+00 | train/loss_avg: 9.114e+00 | train/ppl: 6.400e+03 | train/ppl_avg: 9.079e+03 | optim/lr_eff: 8.724e-07 | optim/dual_norm_sq: 2.014e+07 | optim/grad_norm: 3.438e+00 | optim/dampening: 3.439e+05 | optim/dn_layer_std: 4.003e+01 | optim/dn_layer_max: 2.554e+02 | optim/update_norm: 3.963e-01
micro_step: 9600 | step: 300 | tokens: 157286400 | lr: 3.000e-01 | train/loss: 8.033e+00 | train/loss_avg: 8.393e+00 | train/ppl: 3.081e+03 | train/ppl_avg: 4.417e+03 | optim/lr_eff: 1.654e-06 | optim/dual_norm_sq: 9.697e+06 | optim/grad_norm: 2.218e+00 | optim/dampening: 1.814e+05 | optim/dn_layer_std: 3.149e+01 | optim/dn_layer_max: 2.127e+02 | optim/update_norm: 7.535e-01
micro_step: 11200 | step: 350 | tokens: 183500800 | lr: 3.000e-01 | train/loss: 7.510e+00 | train/loss_avg: 7.762e+00 | train/ppl: 1.827e+03 | train/ppl_avg: 2.349e+03 | optim/lr_eff: 1.526e-06 | optim/dual_norm_sq: 9.869e+06 | optim/grad_norm: 3.336e+00 | optim/dampening: 1.966e+05 | optim/dn_layer_std: 3.281e+01 | optim/dn_layer_max: 2.328e+02 | optim/update_norm: 6.964e-01
micro_step: 12800 | step: 400 | tokens: 209715200 | lr: 3.000e-01 | train/loss: 7.195e+00 | train/loss_avg: 7.389e+00 | train/ppl: 1.332e+03 | train/ppl_avg: 1.618e+03 | optim/lr_eff: 1.629e-06 | optim/dual_norm_sq: 8.899e+06 | optim/grad_norm: 2.500e+00 | optim/dampening: 1.841e+05 | optim/dn_layer_std: 3.214e+01 | optim/dn_layer_max: 2.314e+02 | optim/update_norm: 7.437e-01
micro_step: 14400 | step: 450 | tokens: 235929600 | lr: 3.000e-01 | train/loss: 7.088e+00 | train/loss_avg: 7.122e+00 | train/ppl: 1.198e+03 | train/ppl_avg: 1.239e+03 | optim/lr_eff: 1.553e-06 | optim/dual_norm_sq: 9.029e+06 | optim/grad_norm: 2.259e+00 | optim/dampening: 1.932e+05 | optim/dn_layer_std: 3.262e+01 | optim/dn_layer_max: 2.343e+02 | optim/update_norm: 7.091e-01
micro_step: 16000 | step: 500 | tokens: 262144000 | lr: 3.000e-01 | train/loss: 6.693e+00 | train/loss_avg: 6.908e+00 | train/ppl: 8.064e+02 | train/ppl_avg: 1.001e+03 | optim/lr_eff: 1.496e-06 | optim/dual_norm_sq: 9.085e+06 | optim/grad_norm: 2.173e+00 | optim/dampening: 2.005e+05 | optim/dn_layer_std: 3.274e+01 | optim/dn_layer_max: 2.351e+02 | optim/update_norm: 6.835e-01
micro_step: 17600 | step: 550 | tokens: 288358400 | lr: 3.000e-01 | train/loss: 6.639e+00 | train/loss_avg: 6.731e+00 | train/ppl: 7.646e+02 | train/ppl_avg: 8.379e+02 | optim/lr_eff: 1.373e-06 | optim/dual_norm_sq: 9.683e+06 | optim/grad_norm: 2.087e+00 | optim/dampening: 2.185e+05 | optim/dn_layer_std: 3.390e+01 | optim/dn_layer_max: 2.453e+02 | optim/update_norm: 6.273e-01
micro_step: 19200 | step: 600 | tokens: 314572800 | lr: 3.000e-01 | train/loss: 6.667e+00 | train/loss_avg: 6.578e+00 | train/ppl: 7.864e+02 | train/ppl_avg: 7.188e+02 | optim/lr_eff: 1.091e-06 | optim/dual_norm_sq: 1.196e+07 | optim/grad_norm: 2.396e+00 | optim/dampening: 2.749e+05 | optim/dn_layer_std: 3.632e+01 | optim/dn_layer_max: 2.575e+02 | optim/update_norm: 4.988e-01
micro_step: 20800 | step: 650 | tokens: 340787200 | lr: 3.000e-01 | train/loss: 6.392e+00 | train/loss_avg: 6.458e+00 | train/ppl: 5.968e+02 | train/ppl_avg: 6.380e+02 | optim/lr_eff: 9.976e-07 | optim/dual_norm_sq: 1.284e+07 | optim/grad_norm: 2.513e+00 | optim/dampening: 3.007e+05 | optim/dn_layer_std: 3.822e+01 | optim/dn_layer_max: 2.726e+02 | optim/update_norm: 4.560e-01
micro_step: 22400 | step: 700 | tokens: 367001600 | lr: 3.000e-01 | train/loss: 6.340e+00 | train/loss_avg: 6.357e+00 | train/ppl: 5.668e+02 | train/ppl_avg: 5.766e+02 | optim/lr_eff: 8.964e-07 | optim/dual_norm_sq: 1.408e+07 | optim/grad_norm: 2.736e+00 | optim/dampening: 3.347e+05 | optim/dn_layer_std: 3.912e+01 | optim/dn_layer_max: 2.751e+02 | optim/update_norm: 4.098e-01
micro_step: 24000 | step: 750 | tokens: 393216000 | lr: 3.000e-01 | train/loss: 6.167e+00 | train/loss_avg: 6.272e+00 | train/ppl: 4.768e+02 | train/ppl_avg: 5.298e+02 | optim/lr_eff: 8.009e-07 | optim/dual_norm_sq: 1.551e+07 | optim/grad_norm: 2.778e+00 | optim/dampening: 3.746e+05 | optim/dn_layer_std: 4.177e+01 | optim/dn_layer_max: 2.958e+02 | optim/update_norm: 3.662e-01
micro_step: 25600 | step: 800 | tokens: 419430400 | lr: 3.000e-01 | train/loss: 6.132e+00 | train/loss_avg: 6.189e+00 | train/ppl: 4.602e+02 | train/ppl_avg: 4.875e+02 | optim/lr_eff: 7.294e-07 | optim/dual_norm_sq: 1.688e+07 | optim/grad_norm: 2.754e+00 | optim/dampening: 4.113e+05 | optim/dn_layer_std: 4.340e+01 | optim/dn_layer_max: 3.076e+02 | optim/update_norm: 3.336e-01
micro_step: 27200 | step: 850 | tokens: 445644800 | lr: 3.000e-01 | train/loss: 6.154e+00 | train/loss_avg: 6.121e+00 | train/ppl: 4.708e+02 | train/ppl_avg: 4.552e+02 | optim/lr_eff: 7.001e-07 | optim/dual_norm_sq: 1.737e+07 | optim/grad_norm: 2.682e+00 | optim/dampening: 4.285e+05 | optim/dn_layer_std: 4.354e+01 | optim/dn_layer_max: 3.000e+02 | optim/update_norm: 3.202e-01
micro_step: 28800 | step: 900 | tokens: 471859200 | lr: 3.000e-01 | train/loss: 6.179e+00 | train/loss_avg: 6.058e+00 | train/ppl: 4.827e+02 | train/ppl_avg: 4.277e+02 | optim/lr_eff: 6.239e-07 | optim/dual_norm_sq: 1.930e+07 | optim/grad_norm: 2.982e+00 | optim/dampening: 4.808e+05 | optim/dn_layer_std: 4.589e+01 | optim/dn_layer_max: 3.209e+02 | optim/update_norm: 2.854e-01
micro_step: 30400 | step: 950 | tokens: 498073600 | lr: 3.000e-01 | train/loss: 5.988e+00 | train/loss_avg: 6.002e+00 | train/ppl: 3.985e+02 | train/ppl_avg: 4.043e+02 | optim/lr_eff: 5.668e-07 | optim/dual_norm_sq: 2.116e+07 | optim/grad_norm: 3.410e+00 | optim/dampening: 5.293e+05 | optim/dn_layer_std: 4.739e+01 | optim/dn_layer_max: 3.219e+02 | optim/update_norm: 2.593e-01
Evaluating on validation set
micro_step: 32000 | step: 1000 | tokens: 524288000 | lr: 3.000e-01 | train/loss: 6.100e+00 | train/loss_avg: 5.954e+00 | train/ppl: 4.458e+02 | train/ppl_avg: 3.853e+02 | valid/loss: 5.925e+00 | valid/ppl: 3.742e+02 | optim/lr_eff: 5.624e-07 | optim/dual_norm_sq: 2.100e+07 | optim/grad_norm: 2.850e+00 | optim/dampening: 5.334e+05 | optim/dn_layer_std: 4.795e+01 | optim/dn_layer_max: 3.354e+02 | optim/update_norm: 2.573e-01
micro_step: 33600 | step: 1050 | tokens: 550502400 | lr: 3.000e-01 | train/loss: 5.893e+00 | train/loss_avg: 5.906e+00 | train/ppl: 3.626e+02 | train/ppl_avg: 3.674e+02 | optim/lr_eff: 5.193e-07 | optim/dual_norm_sq: 2.261e+07 | optim/grad_norm: 2.949e+00 | optim/dampening: 5.777e+05 | optim/dn_layer_std: 4.907e+01 | optim/dn_layer_max: 3.383e+02 | optim/update_norm: 2.376e-01
micro_step: 35200 | step: 1100 | tokens: 576716800 | lr: 3.000e-01 | train/loss: 5.650e+00 | train/loss_avg: 5.867e+00 | train/ppl: 2.843e+02 | train/ppl_avg: 3.532e+02 | optim/lr_eff: 4.286e-07 | optim/dual_norm_sq: 2.726e+07 | optim/grad_norm: 4.521e+00 | optim/dampening: 7.000e+05 | optim/dn_layer_std: 5.366e+01 | optim/dn_layer_max: 3.618e+02 | optim/update_norm: 1.961e-01
micro_step: 36800 | step: 1150 | tokens: 602931200 | lr: 3.000e-01 | train/loss: 5.783e+00 | train/loss_avg: 5.830e+00 | train/ppl: 3.248e+02 | train/ppl_avg: 3.403e+02 | optim/lr_eff: 4.750e-07 | optim/dual_norm_sq: 2.452e+07 | optim/grad_norm: 3.022e+00 | optim/dampening: 6.316e+05 | optim/dn_layer_std: 5.152e+01 | optim/dn_layer_max: 3.554e+02 | optim/update_norm: 2.174e-01
micro_step: 38400 | step: 1200 | tokens: 629145600 | lr: 3.000e-01 | train/loss: 5.691e+00 | train/loss_avg: 5.797e+00 | train/ppl: 2.962e+02 | train/ppl_avg: 3.294e+02 | optim/lr_eff: 4.026e-07 | optim/dual_norm_sq: 2.875e+07 | optim/grad_norm: 3.577e+00 | optim/dampening: 7.451e+05 | optim/dn_layer_std: 5.519e+01 | optim/dn_layer_max: 3.749e+02 | optim/update_norm: 1.843e-01
micro_step: 40000 | step: 1250 | tokens: 655360000 | lr: 3.000e-01 | train/loss: 5.551e+00 | train/loss_avg: 5.770e+00 | train/ppl: 2.575e+02 | train/ppl_avg: 3.206e+02 | optim/lr_eff: 3.890e-07 | optim/dual_norm_sq: 2.953e+07 | optim/grad_norm: 3.916e+00 | optim/dampening: 7.711e+05 | optim/dn_layer_std: 5.592e+01 | optim/dn_layer_max: 3.789e+02 | optim/update_norm: 1.781e-01
micro_step: 41600 | step: 1300 | tokens: 681574400 | lr: 3.000e-01 | train/loss: 5.592e+00 | train/loss_avg: 5.735e+00 | train/ppl: 2.683e+02 | train/ppl_avg: 3.095e+02 | optim/lr_eff: 3.977e-07 | optim/dual_norm_sq: 2.879e+07 | optim/grad_norm: 3.547e+00 | optim/dampening: 7.544e+05 | optim/dn_layer_std: 5.519e+01 | optim/dn_layer_max: 3.743e+02 | optim/update_norm: 1.821e-01
micro_step: 43200 | step: 1350 | tokens: 707788800 | lr: 3.000e-01 | train/loss: 5.716e+00 | train/loss_avg: 5.712e+00 | train/ppl: 3.037e+02 | train/ppl_avg: 3.026e+02 | optim/lr_eff: 3.952e-07 | optim/dual_norm_sq: 2.887e+07 | optim/grad_norm: 3.380e+00 | optim/dampening: 7.591e+05 | optim/dn_layer_std: 5.511e+01 | optim/dn_layer_max: 3.714e+02 | optim/update_norm: 1.810e-01
micro_step: 44800 | step: 1400 | tokens: 734003200 | lr: 3.000e-01 | train/loss: 5.792e+00 | train/loss_avg: 5.683e+00 | train/ppl: 3.277e+02 | train/ppl_avg: 2.939e+02 | optim/lr_eff: 3.889e-07 | optim/dual_norm_sq: 2.928e+07 | optim/grad_norm: 3.479e+00 | optim/dampening: 7.714e+05 | optim/dn_layer_std: 5.544e+01 | optim/dn_layer_max: 3.751e+02 | optim/update_norm: 1.781e-01
micro_step: 46400 | step: 1450 | tokens: 760217600 | lr: 3.000e-01 | train/loss: 5.730e+00 | train/loss_avg: 5.658e+00 | train/ppl: 3.080e+02 | train/ppl_avg: 2.867e+02 | optim/lr_eff: 3.546e-07 | optim/dual_norm_sq: 3.207e+07 | optim/grad_norm: 3.921e+00 | optim/dampening: 8.460e+05 | optim/dn_layer_std: 5.771e+01 | optim/dn_layer_max: 3.875e+02 | optim/update_norm: 1.624e-01
micro_step: 48000 | step: 1500 | tokens: 786432000 | lr: 3.000e-01 | train/loss: 5.650e+00 | train/loss_avg: 5.640e+00 | train/ppl: 2.844e+02 | train/ppl_avg: 2.814e+02 | optim/lr_eff: 3.613e-07 | optim/dual_norm_sq: 3.134e+07 | optim/grad_norm: 3.735e+00 | optim/dampening: 8.303e+05 | optim/dn_layer_std: 5.734e+01 | optim/dn_layer_max: 3.843e+02 | optim/update_norm: 1.655e-01
micro_step: 49600 | step: 1550 | tokens: 812646400 | lr: 3.000e-01 | train/loss: 5.674e+00 | train/loss_avg: 5.616e+00 | train/ppl: 2.913e+02 | train/ppl_avg: 2.749e+02 | optim/lr_eff: 3.478e-07 | optim/dual_norm_sq: 3.232e+07 | optim/grad_norm: 3.664e+00 | optim/dampening: 8.625e+05 | optim/dn_layer_std: 5.830e+01 | optim/dn_layer_max: 3.927e+02 | optim/update_norm: 1.593e-01
micro_step: 51200 | step: 1600 | tokens: 838860800 | lr: 3.000e-01 | train/loss: 5.656e+00 | train/loss_avg: 5.594e+00 | train/ppl: 2.860e+02 | train/ppl_avg: 2.689e+02 | optim/lr_eff: 3.474e-07 | optim/dual_norm_sq: 3.222e+07 | optim/grad_norm: 3.472e+00 | optim/dampening: 8.635e+05 | optim/dn_layer_std: 5.808e+01 | optim/dn_layer_max: 3.866e+02 | optim/update_norm: 1.591e-01
micro_step: 52800 | step: 1650 | tokens: 865075200 | lr: 3.000e-01 | train/loss: 5.519e+00 | train/loss_avg: 5.576e+00 | train/ppl: 2.493e+02 | train/ppl_avg: 2.640e+02 | optim/lr_eff: 3.311e-07 | optim/dual_norm_sq: 3.353e+07 | optim/grad_norm: 3.760e+00 | optim/dampening: 9.062e+05 | optim/dn_layer_std: 5.915e+01 | optim/dn_layer_max: 3.944e+02 | optim/update_norm: 1.516e-01
micro_step: 54400 | step: 1700 | tokens: 891289600 | lr: 3.000e-01 | train/loss: 5.549e+00 | train/loss_avg: 5.552e+00 | train/ppl: 2.571e+02 | train/ppl_avg: 2.577e+02 | optim/lr_eff: 3.350e-07 | optim/dual_norm_sq: 3.320e+07 | optim/grad_norm: 3.487e+00 | optim/dampening: 8.954e+05 | optim/dn_layer_std: 5.899e+01 | optim/dn_layer_max: 3.983e+02 | optim/update_norm: 1.535e-01
micro_step: 56000 | step: 1750 | tokens: 917504000 | lr: 3.000e-01 | train/loss: 5.510e+00 | train/loss_avg: 5.534e+00 | train/ppl: 2.471e+02 | train/ppl_avg: 2.532e+02 | optim/lr_eff: 2.971e-07 | optim/dual_norm_sq: 3.717e+07 | optim/grad_norm: 4.662e+00 | optim/dampening: 1.010e+06 | optim/dn_layer_std: 6.191e+01 | optim/dn_layer_max: 4.103e+02 | optim/update_norm: 1.361e-01
micro_step: 57600 | step: 1800 | tokens: 943718400 | lr: 3.000e-01 | train/loss: 5.458e+00 | train/loss_avg: 5.518e+00 | train/ppl: 2.347e+02 | train/ppl_avg: 2.491e+02 | optim/lr_eff: 3.262e-07 | optim/dual_norm_sq: 3.384e+07 | optim/grad_norm: 3.740e+00 | optim/dampening: 9.197e+05 | optim/dn_layer_std: 5.966e+01 | optim/dn_layer_max: 3.991e+02 | optim/update_norm: 1.494e-01
micro_step: 59200 | step: 1850 | tokens: 969932800 | lr: 3.000e-01 | train/loss: 5.522e+00 | train/loss_avg: 5.504e+00 | train/ppl: 2.500e+02 | train/ppl_avg: 2.456e+02 | optim/lr_eff: 3.257e-07 | optim/dual_norm_sq: 3.362e+07 | optim/grad_norm: 3.418e+00 | optim/dampening: 9.211e+05 | optim/dn_layer_std: 5.946e+01 | optim/dn_layer_max: 3.964e+02 | optim/update_norm: 1.492e-01
micro_step: 60800 | step: 1900 | tokens: 996147200 | lr: 3.000e-01 | train/loss: 5.530e+00 | train/loss_avg: 5.488e+00 | train/ppl: 2.522e+02 | train/ppl_avg: 2.418e+02 | optim/lr_eff: 2.815e-07 | optim/dual_norm_sq: 3.904e+07 | optim/grad_norm: 4.229e+00 | optim/dampening: 1.066e+06 | optim/dn_layer_std: 6.311e+01 | optim/dn_layer_max: 4.169e+02 | optim/update_norm: 1.290e-01
micro_step: 62400 | step: 1950 | tokens: 1022361600 | lr: 3.000e-01 | train/loss: 5.421e+00 | train/loss_avg: 5.467e+00 | train/ppl: 2.261e+02 | train/ppl_avg: 2.367e+02 | optim/lr_eff: 2.885e-07 | optim/dual_norm_sq: 3.778e+07 | optim/grad_norm: 4.008e+00 | optim/dampening: 1.040e+06 | optim/dn_layer_std: 6.230e+01 | optim/dn_layer_max: 4.083e+02 | optim/update_norm: 1.322e-01
Evaluating on validation set
